// Jest Snapshot v1, https://goo.gl/fbAQLP

exports[`<AccountOverviewLayout /> shows content in <AccountOverviewLayout /> 1`] = `
<body>
  <div>
    <div
      class="w-full max-w-xs sm:max-w-sm md:max-w-md lg:max-w-lg m-auto"
    >
      <div
        class="text-slate-700 bg-slate-100 bg-opacity-30 rounded-lg py-5 px-5 shadow-md hover:shadow-slate-500 transition-all ease-in-out duration-200"
      >
        <div
          class="flex flex-col items-center"
        />
      </div>
    </div>
  </div>
</body>
`;
