// Jest Snapshot v1, https://goo.gl/fbAQLP

exports[`<BackToTop /> shows content in <BackToTop /> 1`] = `
<body>
  <div>
    <div
      class="fixed bottom-20 right-2 lg:bottom-10 lg:right-10 text-lg z-50 bg-slate-800 text-slate-100 bg-opacity-60 backdrop-blur-md rounded-lg hover:bg-opacity-80 transition-all ease-in-out duration-200 opacity-0"
    >
      <button>
        <div
          class="flex justify-center items-center relative w-8 h-8 text-sm md:text-base"
        >
          <svg
            fill="currentColor"
            height="1em"
            stroke="currentColor"
            stroke-width="0"
            viewBox="0 0 24 24"
            width="1em"
            xmlns="http://www.w3.org/2000/svg"
          >
            <path
              d="M6 4h12v2H6zm.707 11.707L11 11.414V20h2v-8.586l4.293 4.293 1.414-1.414L12 7.586l-6.707 6.707z"
            />
          </svg>
        </div>
      </button>
    </div>
  </div>
</body>
`;
