// Jest Snapshot v1, https://goo.gl/fbAQLP

exports[`<CartIcon /> shows empty in <CartIcon /> 1`] = `
<body>
  <div>
    <div
      class="relative text-sm md:text-base"
    >
      <button
        class="flex items-center justify-center space-x-2 font-light hover:underline-primary hover:underline-offset-4"
      >
        <svg
          fill="none"
          height="1em"
          id="cartIcon"
          stroke="currentColor"
          stroke-linecap="round"
          stroke-linejoin="round"
          stroke-width="2"
          viewBox="0 0 24 24"
          width="1em"
          xmlns="http://www.w3.org/2000/svg"
        >
          <circle
            cx="9"
            cy="21"
            r="1"
          />
          <circle
            cx="20"
            cy="21"
            r="1"
          />
          <path
            d="M1 1h4l2.68 13.39a2 2 0 0 0 2 1.61h9.72a2 2 0 0 0 2-1.61L23 6H6"
          />
        </svg>
        <div
          class="px-1 w-8 flex justify-start"
        >
          <div />
        </div>
      </button>
    </div>
  </div>
</body>
`;
