// Jest Snapshot v1, https://goo.gl/fbAQLP

exports[`<CheckoutItem /> shows <CheckoutItem /> add on click 1`] = `
<body>
  <div>
    <div
      class="flex justify-center w-full sm:w-2/3 mx-5 text-slate-700 text-sm md:text-base"
      id="checkoutItem"
    >
      <div
        class="flex w-full bg-opacity-30 bg-slate-100 rounded-lg transition-all duration-200 ease-in-out shadow-md hover:shadow-slate-500"
      >
        <div
          class="image flex flex-col relative w-1/3 h-48"
        >
          <div
            class="relative w-full h-full bg-[#F8F8F8] rounded-l-lg"
          >
            <span
              style="box-sizing: border-box; display: block; overflow: hidden; background: none; opacity: 1; border: 0px; margin: 0px; padding: 0px; position: absolute; top: 0px; left: 0px; bottom: 0px; right: 0px;"
            >
              <img
                alt="test name image"
                class="object-contain rounded-l-lg"
                data-nimg="fill"
                decoding="async"
                src="test"
                style="position: absolute; top: 0px; left: 0px; bottom: 0px; right: 0px; box-sizing: border-box; padding: 0px; margin: auto; display: block; width: 0px; height: 0px; min-width: 100%; max-width: 100%; min-height: 100%; max-height: 100%;"
              />
            </span>
          </div>
        </div>
        <div
          class="text flex flex-col justify-evenly mx-4 w-2/3"
        >
          <div
            class="title flex justify-start"
          >
            <div
              class="font-normal text-lg md:text-2xl"
            >
              test name
            </div>
          </div>
          <div
            class="details flex flex-col md:flex-row items-center justify-between"
          >
            <div
              class="unt flex items-end justify-start text-sm md:text-base text-slate-500"
            >
              <div>
                CAD
              </div>
              <div
                class="text-base md:text-xl ml-1"
              >
                0
              </div>
              <div
                class=""
              >
                /ea
              </div>
            </div>
            <div
              class="qty flex items-center"
            >
              <div
                class="text-sm md:text-base"
              >
                Qty:
              </div>
              <div
                class="mx-3 text-base md:text-xl"
              >
                <button
                  id="remove"
                  name="REMOVE"
                >
                  âŠ–
                </button>
              </div>
              <div
                class="flex justify-center text-base md:text-xl"
              >
                <form>
                  <input
                    class="w-10 bg-transparent text-center underline underline-offset-2 decoration-1 outline-none"
                    id="input"
                    max="999"
                    min="1"
                    name="SET"
                    type="number"
                    value="10"
                  />
                </form>
              </div>
              <div
                class="mx-3 text-base md:text-xl"
              >
                <button
                  id="add"
                  name="ADD"
                >
                  âŠ•
                </button>
              </div>
              <div
                class="delete text-lg md:text-2xl"
              >
                <button
                  id="delete"
                  name="DELETE"
                >
                  ðŸ…§
                </button>
              </div>
            </div>
          </div>
          <div
            class="subtotal flex w-full justify-end items-end space-x-2"
          >
            <div
              class="text-sm md:text-base"
            >
              Subtotal: CAD
            </div>
            <div
              class="font-normal text-lg md:text-2xl"
            >
              0.00
            </div>
          </div>
        </div>
      </div>
    </div>
  </div>
</body>
`;

exports[`<CheckoutItem /> shows content in <CheckoutItem /> 1`] = `
<body>
  <div>
    <div
      class="flex justify-center w-full sm:w-2/3 mx-5 text-slate-700 text-sm md:text-base"
      id="checkoutItem"
    >
      <div
        class="flex w-full bg-opacity-30 bg-slate-100 rounded-lg transition-all duration-200 ease-in-out shadow-md hover:shadow-slate-500"
      >
        <div
          class="image flex flex-col relative w-1/3 h-48"
        >
          <div
            class="relative w-full h-full bg-[#F8F8F8] rounded-l-lg"
          >
            <span
              style="box-sizing: border-box; display: block; overflow: hidden; background: none; opacity: 1; border: 0px; margin: 0px; padding: 0px; position: absolute; top: 0px; left: 0px; bottom: 0px; right: 0px;"
            >
              <img
                alt="test name image"
                class="object-contain rounded-l-lg"
                data-nimg="fill"
                decoding="async"
                src="test"
                style="position: absolute; top: 0px; left: 0px; bottom: 0px; right: 0px; box-sizing: border-box; padding: 0px; margin: auto; display: block; width: 0px; height: 0px; min-width: 100%; max-width: 100%; min-height: 100%; max-height: 100%;"
              />
            </span>
          </div>
        </div>
        <div
          class="text flex flex-col justify-evenly mx-4 w-2/3"
        >
          <div
            class="title flex justify-start"
          >
            <div
              class="font-normal text-lg md:text-2xl"
            >
              test name
            </div>
          </div>
          <div
            class="details flex flex-col md:flex-row items-center justify-between"
          >
            <div
              class="unt flex items-end justify-start text-sm md:text-base text-slate-500"
            >
              <div>
                CAD
              </div>
              <div
                class="text-base md:text-xl ml-1"
              >
                0
              </div>
              <div
                class=""
              >
                /ea
              </div>
            </div>
            <div
              class="qty flex items-center"
            >
              <div
                class="text-sm md:text-base"
              >
                Qty:
              </div>
              <div
                class="mx-3 text-base md:text-xl"
              >
                <button
                  id="remove"
                  name="REMOVE"
                >
                  âŠ–
                </button>
              </div>
              <div
                class="flex justify-center text-base md:text-xl"
              >
                <form>
                  <input
                    class="w-10 bg-transparent text-center underline underline-offset-2 decoration-1 outline-none"
                    id="input"
                    max="999"
                    min="1"
                    name="SET"
                    type="number"
                    value="10"
                  />
                </form>
              </div>
              <div
                class="mx-3 text-base md:text-xl"
              >
                <button
                  id="add"
                  name="ADD"
                >
                  âŠ•
                </button>
              </div>
              <div
                class="delete text-lg md:text-2xl"
              >
                <button
                  id="delete"
                  name="DELETE"
                >
                  ðŸ…§
                </button>
              </div>
            </div>
          </div>
          <div
            class="subtotal flex w-full justify-end items-end space-x-2"
          >
            <div
              class="text-sm md:text-base"
            >
              Subtotal: CAD
            </div>
            <div
              class="font-normal text-lg md:text-2xl"
            >
              0.00
            </div>
          </div>
        </div>
      </div>
    </div>
  </div>
</body>
`;
