// Jest Snapshot v1, https://goo.gl/fbAQLP

exports[`<Contact /> shows basic fields in <Contact /> 1`] = `
<body>
  <div>
    <div
      class="min-h-content flex justify-center items-center text-sm md:text-base"
    >
      <div
        class="max-w-xs sm:max-w-xl md:max-w-2xl lg:max-w-3xl m-auto my-10 text-slate-700 bg-slate-100 bg-opacity-30 rounded-lg py-8 px-10 shadow-md hover:shadow-slate-500 transition-all ease-in-out duration-200 font-light"
      >
        <form>
          <h2
            class="text-center text-lg md:text-2xl text-orange-theme mb-4"
          >
            Contact us
          </h2>
          <p
            class="text-center text-slate-700 sm:w-2/3 w-full mx-auto mb-8"
          >
            We want to hear from you! Please feel free to use the form below to speak your mind, and we actaully reply 
            <span>
              ðŸ˜ƒ
            </span>
          </p>
          <div
            class="relative mb-4 sm:w-2/3 w-full m-auto"
          >
            <label
              class="relative text-sm md:text-base"
              for="name"
            >
              <input
                autocomplete="off"
                class="w-full p-2 border-b border-slate-700 outline-none bg-transparent mb-4 rounded-none transition duration-200"
                id="name"
                name="name"
                placeholder=" "
                required=""
                type="text"
              />
              <span
                class="absolute left-0 top-0 px-2 transition duration-200 input-text"
              >
                Name
              </span>
            </label>
          </div>
          <div
            class="relative mb-4 sm:w-2/3 w-full m-auto"
          >
            <label
              class="relative text-sm md:text-base"
              for="email"
            >
              <input
                class="w-full p-2 border-b border-slate-700 outline-none bg-transparent mb-4 rounded-none transition duration-200"
                id="email"
                name="email"
                placeholder=" "
                required=""
                type="email"
              />
              <span
                class="absolute left-0 top-0 px-2 transition duration-200 input-text"
              >
                Email
              </span>
            </label>
          </div>
          <div
            class="relative mb-4 sm:w-2/3 w-full m-auto"
          >
            <label
              class="text-sm md:text-base"
              for="message"
            >
              Message
            </label>
            <textarea
              class="text-sm md:text-base w-full h-auto p-2 border border-slate-700 outline-none bg-transparent my-4 rounded-lg"
              id="message"
              name="message"
              required=""
              rows="4"
            />
          </div>
          <div
            class="flex justify-center items-center mt-4"
          >
            <button
              class="text-sm md:text-base bg-slate-700 py-2 px-4 text-slate-100 rounded outline-none font-light hover:shadow-md hover:shadow-slate-700 hover:bg-slate-500 hover:text-white transition-all ease-in-out duration-200"
              type="submit"
            >
              submit
            </button>
          </div>
        </form>
      </div>
    </div>
  </div>
</body>
`;
